{
  "asset_id": "bird-perched",
  "status": "repaired_candidate_pending_visual_review",
  "source_path": "D:\\AGeneral Workspace\\AI-powered\\harness\\artifacts\\trace-home-v1-20260914\\images\\originals\\B2-bird-perched-alpha-retry.png",
  "source_sha256": "cc63d1359d2a89d6b6be2dc45d58e61ecff1eeab60974b631ceb1654e3a029e1",
  "source_size": [
    1254,
    1254
  ],
  "full_rgba_path": "D:\\AGeneral Workspace\\AI-powered\\harness\\artifacts\\trace-home-v1-20260914\\images\\repaired\\bird-perched-full.png",
  "full_rgba_sha256": "b5b9c7363745531615434ae7b2a4fa012eb3d7b1e771d4c3078c98c1ade65c5b",
  "path": "D:\\AGeneral Workspace\\AI-powered\\harness\\artifacts\\trace-home-v1-20260914\\images\\repaired\\bird-perched.png",
  "sha256": "81de590d9c88d27ad73be569385d8b1d6999f08fc269912b4b97b5d403b4efec",
  "mode": "RGBA",
  "size": [
    1086,
    839
  ],
  "source_alpha_bbox_ltrb_exclusive": [
    88,
    232,
    1158,
    1055
  ],
  "source_crop_ltrb_exclusive": [
    80,
    224,
    1166,
    1063
  ],
  "cropped_alpha_bbox_ltrb_exclusive": [
    8,
    8,
    1078,
    831
  ],
  "alpha_min": 0,
  "alpha_max": 255,
  "transparent_pixels": 713729,
  "semi_transparent_pixels": 12503,
  "opaque_pixels": 184922,
  "foot_anchor_source_xy": [
    852,
    812
  ],
  "foot_anchor_cropped_xy": [
    772,
    588
  ],
  "eye_anchor_source_xy": [
    1045,
    307
  ],
  "eye_anchor_cropped_xy": [
    965,
    83
  ],
  "anchor_note": "Manual visual registration hints, not anatomical ground truth. Apply one common source-pixel scale; do not equalize cropped image widths.",
  "protected_foreground_samples": {
    "white_belly": {
      "source_xy": [
        952,
        518
      ],
      "alpha": 255,
      "rgb_original": [
        249,
        250,
        249
      ],
      "rgb_output": [
        249,
        250,
        249
      ]
    },
    "white_neck": {
      "source_xy": [
        1012,
        364
      ],
      "alpha": 255,
      "rgb_original": [
        247,
        245,
        242
      ],
      "rgb_output": [
        247,
        245,
        242
      ]
    },
    "eye": {
      "source_xy": [
        1045,
        307
      ],
      "alpha": 255,
      "rgb_original": [
        1,
        0,
        0
      ],
      "rgb_output": [
        1,
        0,
        0
      ]
    },
    "leg": {
      "source_xy": [
        852,
        774
      ],
      "alpha": 255,
      "rgb_original": [
        149,
        105,
        87
      ],
      "rgb_output": [
        149,
        105,
        87
      ]
    }
  },
  "method": {
    "chroma_threshold": 10,
    "dark_gray_threshold": 158,
    "texture_window_px": 25,
    "pale_std_max": 14,
    "pale_gray_min": 205,
    "closure_px": 3,
    "edge_sigma_px": 0.55,
    "preserved_interior_background_seeds_xy": [
      [
        822,
        734
      ]
    ],
    "edge_rgb_modified_pixels": 12503,
    "opaque_core_pixels_unchanged": 184922
  },
  "limitations": [
    "Original antialias matte is irrecoverably mixed with the checkerboard; nearest-interior color decontamination estimates only a narrow edge band.",
    "Fine pale feather filaments smaller than 1–2 source pixels may be simplified.",
    "Two still poses do not provide a natural wing-beat animation."
  ]
}
{
  "asset_id": "bird-takeoff",
  "status": "repaired_candidate_pending_visual_review",
  "source_path": "D:\\AGeneral Workspace\\AI-powered\\harness\\artifacts\\trace-home-v1-20260914\\images\\originals\\C-bird-takeoff.png",
  "source_sha256": "00702abe62d72904c57e6adc6585ec77bda5b03f327cc234f0cb3e5526bce41e",
  "source_size": [
    1254,
    1254
  ],
  "full_rgba_path": "D:\\AGeneral Workspace\\AI-powered\\harness\\artifacts\\trace-home-v1-20260914\\images\\repaired\\bird-takeoff-full.png",
  "full_rgba_sha256": "63c3f2f01c2a122b9fa59910f8e8b1e022bb471d55a72b56ee463a7f7b7a8283",
  "path": "D:\\AGeneral Workspace\\AI-powered\\harness\\artifacts\\trace-home-v1-20260914\\images\\repaired\\bird-takeoff.png",
  "sha256": "9bce1f159d48ab6a8d3230aca3f41fd4c4a114a064f59dfcc4b62f05efa7ed93",
  "mode": "RGBA",
  "size": [
    1156,
    1215
  ],
  "source_alpha_bbox_ltrb_exclusive": [
    87,
    23,
    1227,
    1222
  ],
  "source_crop_ltrb_exclusive": [
    79,
    15,
    1235,
    1230
  ],
  "cropped_alpha_bbox_ltrb_exclusive": [
    8,
    8,
    1148,
    1207
  ],
  "alpha_min": 0,
  "alpha_max": 255,
  "transparent_pixels": 997122,
  "semi_transparent_pixels": 20340,
  "opaque_pixels": 387078,
  "foot_anchor_source_xy": [
    829,
    970
  ],
  "foot_anchor_cropped_xy": [
    750,
    955
  ],
  "eye_anchor_source_xy": [
    1112,
    473
  ],
  "eye_anchor_cropped_xy": [
    1033,
    458
  ],
  "anchor_note": "Manual visual registration hints, not anatomical ground truth. Apply one common source-pixel scale; do not equalize cropped image widths.",
  "protected_foreground_samples": {
    "white_belly": {
      "source_xy": [
        999,
        691
      ],
      "alpha": 255,
      "rgb_original": [
        254,
        254,
        253
      ],
      "rgb_output": [
        254,
        254,
        253
      ]
    },
    "white_neck": {
      "source_xy": [
        1082,
        532
      ],
      "alpha": 255,
      "rgb_original": [
        253,
        253,
        252
      ],
      "rgb_output": [
        253,
        253,
        252
      ]
    },
    "eye": {
      "source_xy": [
        1112,
        473
      ],
      "alpha": 255,
      "rgb_original": [
        0,
        0,
        0
      ],
      "rgb_output": [
        0,
        0,
        0
      ]
    },
    "leg": {
      "source_xy": [
        827,
        924
      ],
      "alpha": 255,
      "rgb_original": [
        227,
        204,
        186
      ],
      "rgb_output": [
        227,
        204,
        186
      ]
    }
  },
  "method": {
    "chroma_threshold": 10,
    "dark_gray_threshold": 158,
    "texture_window_px": 25,
    "pale_std_max": 14,
    "pale_gray_min": 205,
    "closure_px": 3,
    "edge_sigma_px": 0.55,
    "preserved_interior_background_seeds_xy": [
      [
        819,
        868
      ]
    ],
    "edge_rgb_modified_pixels": 20340,
    "opaque_core_pixels_unchanged": 387078
  },
  "limitations": [
    "Original antialias matte is irrecoverably mixed with the checkerboard; nearest-interior color decontamination estimates only a narrow edge band.",
    "Fine pale feather filaments smaller than 1–2 source pixels may be simplified.",
    "Two still poses do not provide a natural wing-beat animation."
  ]
}
